Godot Engine v4.6.2.stable.official.71f334935 - https://godotengine.org


ANIMATION: 1H_Melee_Attack_Slice_Horizontal
  track 0 type=1 path=Rig/Skeleton3D:root
  track 1 type=2 path=Rig/Skeleton3D:root
  track 2 type=3 path=Rig/Skeleton3D:root
  track 3 type=1 path=Rig/Skeleton3D:hips
  track 4 type=2 path=Rig/Skeleton3D:hips
  track 5 type=3 path=Rig/Skeleton3D:hips
  track 6 type=2 path=Rig/Skeleton3D:spine
  track 7 type=3 path=Rig/Skeleton3D:spine
  track 8 type=2 path=Rig/Skeleton3D:chest
  track 9 type=3 path=Rig/Skeleton3D:chest
  track 10 type=1 path=Rig/Skeleton3D:upperarm.l
  track 11 type=2 path=Rig/Skeleton3D:upperarm.l
  track 12 type=3 path=Rig/Skeleton3D:upperarm.l
  track 13 type=2 path=Rig/Skeleton3D:lowerarm.l
  track 14 type=3 path=Rig/Skeleton3D:lowerarm.l
  track 15 type=2 path=Rig/Skeleton3D:wrist.l
  track 16 type=3 path=Rig/Skeleton3D:wrist.l
  track 17 type=2 path=Rig/Skeleton3D:hand.l
  track 18 type=3 path=Rig/Skeleton3D:hand.l
  track 19 type=1 path=Rig/Skeleton3D:handslot.l
  track 20 type=2 path=Rig/Skeleton3D:handslot.l
  track 21 type=3 path=Rig/Skeleton3D:handslot.l
  track 22 type=1 path=Rig/Skeleton3D:upperarm.r
  track 23 type=2 path=Rig/Skeleton3D:upperarm.r
  track 24 type=3 path=Rig/Skeleton3D:upperarm.r
  track 25 type=2 path=Rig/Skeleton3D:lowerarm.r
  track 26 type=3 path=Rig/Skeleton3D:lowerarm.r
  track 27 type=2 path=Rig/Skeleton3D:wrist.r
  track 28 type=3 path=Rig/Skeleton3D:wrist.r
  track 29 type=2 path=Rig/Skeleton3D:hand.r
  track 30 type=3 path=Rig/Skeleton3D:hand.r
  track 31 type=1 path=Rig/Skeleton3D:handslot.r
  track 32 type=2 path=Rig/Skeleton3D:handslot.r
  track 33 type=3 path=Rig/Skeleton3D:handslot.r
  track 34 type=2 path=Rig/Skeleton3D:head
  track 35 type=3 path=Rig/Skeleton3D:head
  track 36 type=1 path=Rig/Skeleton3D:upperleg.l
  track 37 type=2 path=Rig/Skeleton3D:upperleg.l
  track 38 type=3 path=Rig/Skeleton3D:upperleg.l
  track 39 type=2 path=Rig/Skeleton3D:lowerleg.l
  track 40 type=3 path=Rig/Skeleton3D:lowerleg.l
  track 41 type=2 path=Rig/Skeleton3D:foot.l
  track 42 type=3 path=Rig/Skeleton3D:foot.l
  track 43 type=2 path=Rig/Skeleton3D:toes.l
  track 44 type=3 path=Rig/Skeleton3D:toes.l
  track 45 type=1 path=Rig/Skeleton3D:upperleg.r
  track 46 type=2 path=Rig/Skeleton3D:upperleg.r
  track 47 type=3 path=Rig/Skeleton3D:upperleg.r
  track 48 type=2 path=Rig/Skeleton3D:lowerleg.r
  track 49 type=3 path=Rig/Skeleton3D:lowerleg.r
  track 50 type=2 path=Rig/Skeleton3D:foot.r
  track 51 type=3 path=Rig/Skeleton3D:foot.r
  track 52 type=2 path=Rig/Skeleton3D:toes.r
  track 53 type=3 path=Rig/Skeleton3D:toes.r
  track 54 type=1 path=Rig/Skeleton3D:kneeIK.l
  track 55 type=2 path=Rig/Skeleton3D:kneeIK.l
  track 56 type=3 path=Rig/Skeleton3D:kneeIK.l
  track 57 type=1 path=Rig/Skeleton3D:control-toe-roll.l
  track 58 type=2 path=Rig/Skeleton3D:control-toe-roll.l
  track 59 type=3 path=Rig/Skeleton3D:control-toe-roll.l
  track 60 type=1 path=Rig/Skeleton3D:control-heel-roll.l
  track 61 type=2 path=Rig/Skeleton3D:control-heel-roll.l
  track 62 type=3 path=Rig/Skeleton3D:control-heel-roll.l
  track 63 type=1 path=Rig/Skeleton3D:control-foot-roll.l
  track 64 type=2 path=Rig/Skeleton3D:control-foot-roll.l
  track 65 type=3 path=Rig/Skeleton3D:control-foot-roll.l
  track 66 type=1 path=Rig/Skeleton3D:heelIK.l
  track 67 type=2 path=Rig/Skeleton3D:heelIK.l
  track 68 type=3 path=Rig/Skeleton3D:heelIK.l
  track 69 type=2 path=Rig/Skeleton3D:IK-foot.l
  track 70 type=3 path=Rig/Skeleton3D:IK-foot.l
  track 71 type=2 path=Rig/Skeleton3D:IK-toe.l
  track 72 type=3 path=Rig/Skeleton3D:IK-toe.l
  track 73 type=1 path=Rig/Skeleton3D:kneeIK.r
  track 74 type=2 path=Rig/Skeleton3D:kneeIK.r
  track 75 type=3 path=Rig/Skeleton3D:kneeIK.r
  track 76 type=1 path=Rig/Skeleton3D:control-toe-roll.r
  track 77 type=2 path=Rig/Skeleton3D:control-toe-roll.r
  track 78 type=3 path=Rig/Skeleton3D:control-toe-roll.r
  track 79 type=1 path=Rig/Skeleton3D:control-heel-roll.r
  track 80 type=2 path=Rig/Skeleton3D:control-heel-roll.r
  track 81 type=3 path=Rig/Skeleton3D:control-heel-roll.r
  track 82 type=1 path=Rig/Skeleton3D:control-foot-roll.r
  track 83 type=2 path=Rig/Skeleton3D:control-foot-roll.r
  track 84 type=3 path=Rig/Skeleton3D:control-foot-roll.r
  track 85 type=1 path=Rig/Skeleton3D:heelIK.r
  track 86 type=2 path=Rig/Skeleton3D:heelIK.r
  track 87 type=3 path=Rig/Skeleton3D:heelIK.r
  track 88 type=2 path=Rig/Skeleton3D:IK-foot.r
  track 89 type=3 path=Rig/Skeleton3D:IK-foot.r
  track 90 type=2 path=Rig/Skeleton3D:IK-toe.r
  track 91 type=3 path=Rig/Skeleton3D:IK-toe.r
  track 92 type=1 path=Rig/Skeleton3D:elbowIK.l
  track 93 type=2 path=Rig/Skeleton3D:elbowIK.l
  track 94 type=3 path=Rig/Skeleton3D:elbowIK.l
  track 95 type=1 path=Rig/Skeleton3D:handIK.l
  track 96 type=2 path=Rig/Skeleton3D:handIK.l
  track 97 type=3 path=Rig/Skeleton3D:handIK.l
  track 98 type=1 path=Rig/Skeleton3D:elbowIK.r
  track 99 type=2 path=Rig/Skeleton3D:elbowIK.r
  track 100 type=3 path=Rig/Skeleton3D:elbowIK.r
  track 101 type=1 path=Rig/Skeleton3D:handIK.r
  track 102 type=2 path=Rig/Skeleton3D:handIK.r
  track 103 type=3 path=Rig/Skeleton3D:handIK.r

ANIMATION: Death_C_Skeletons
  track 0 type=1 path=Rig/Skeleton3D:root
  track 1 type=2 path=Rig/Skeleton3D:root
  track 2 type=3 path=Rig/Skeleton3D:root
  track 3 type=1 path=Rig/Skeleton3D:hips
  track 4 type=2 path=Rig/Skeleton3D:hips
  track 5 type=3 path=Rig/Skeleton3D:hips
  track 6 type=2 path=Rig/Skeleton3D:spine
  track 7 type=3 path=Rig/Skeleton3D:spine
  track 8 type=2 path=Rig/Skeleton3D:chest
  track 9 type=3 path=Rig/Skeleton3D:chest
  track 10 type=1 path=Rig/Skeleton3D:upperarm.l
  track 11 type=2 path=Rig/Skeleton3D:upperarm.l
  track 12 type=3 path=Rig/Skeleton3D:upperarm.l
  track 13 type=2 path=Rig/Skeleton3D:lowerarm.l
  track 14 type=3 path=Rig/Skeleton3D:lowerarm.l
  track 15 type=2 path=Rig/Skeleton3D:wrist.l
  track 16 type=3 path=Rig/Skeleton3D:wrist.l
  track 17 type=2 path=Rig/Skeleton3D:hand.l
  track 18 type=3 path=Rig/Skeleton3D:hand.l
  track 19 type=1 path=Rig/Skeleton3D:handslot.l
  track 20 type=2 path=Rig/Skeleton3D:handslot.l
  track 21 type=3 path=Rig/Skeleton3D:handslot.l
  track 22 type=1 path=Rig/Skeleton3D:upperarm.r
  track 23 type=2 path=Rig/Skeleton3D:upperarm.r
  track 24 type=3 path=Rig/Skeleton3D:upperarm.r
  track 25 type=2 path=Rig/Skeleton3D:lowerarm.r
  track 26 type=3 path=Rig/Skeleton3D:lowerarm.r
  track 27 type=2 path=Rig/Skeleton3D:wrist.r
  track 28 type=3 path=Rig/Skeleton3D:wrist.r
  track 29 type=2 path=Rig/Skeleton3D:hand.r
  track 30 type=3 path=Rig/Skeleton3D:hand.r
  track 31 type=1 path=Rig/Skeleton3D:handslot.r
  track 32 type=2 path=Rig/Skeleton3D:handslot.r
  track 33 type=3 path=Rig/Skeleton3D:handslot.r
  track 34 type=2 path=Rig/Skeleton3D:head
  track 35 type=3 path=Rig/Skeleton3D:head
  track 36 type=1 path=Rig/Skeleton3D:upperleg.l
  track 37 type=2 path=Rig/Skeleton3D:upperleg.l
  track 38 type=3 path=Rig/Skeleton3D:upperleg.l
  track 39 type=2 path=Rig/Skeleton3D:lowerleg.l
  track 40 type=3 path=Rig/Skeleton3D:lowerleg.l
  track 41 type=2 path=Rig/Skeleton3D:foot.l
  track 42 type=3 path=Rig/Skeleton3D:foot.l
  track 43 type=2 path=Rig/Skeleton3D:toes.l
  track 44 type=3 path=Rig/Skeleton3D:toes.l
  track 45 type=1 path=Rig/Skeleton3D:upperleg.r
  track 46 type=2 path=Rig/Skeleton3D:upperleg.r
  track 47 type=3 path=Rig/Skeleton3D:upperleg.r
  track 48 type=2 path=Rig/Skeleton3D:lowerleg.r
  track 49 type=3 path=Rig/Skeleton3D:lowerleg.r
  track 50 type=2 path=Rig/Skeleton3D:foot.r
  track 51 type=3 path=Rig/Skeleton3D:foot.r
  track 52 type=2 path=Rig/Skeleton3D:toes.r
  track 53 type=3 path=Rig/Skeleton3D:toes.r
  track 54 type=1 path=Rig/Skeleton3D:kneeIK.l
  track 55 type=2 path=Rig/Skeleton3D:kneeIK.l
  track 56 type=3 path=Rig/Skeleton3D:kneeIK.l
  track 57 type=1 path=Rig/Skeleton3D:control-toe-roll.l
  track 58 type=2 path=Rig/Skeleton3D:control-toe-roll.l
  track 59 type=3 path=Rig/Skeleton3D:control-toe-roll.l
  track 60 type=1 path=Rig/Skeleton3D:control-heel-roll.l
  track 61 type=2 path=Rig/Skeleton3D:control-heel-roll.l
  track 62 type=3 path=Rig/Skeleton3D:control-heel-roll.l
  track 63 type=1 path=Rig/Skeleton3D:control-foot-roll.l
  track 64 type=2 path=Rig/Skeleton3D:control-foot-roll.l
  track 65 type=3 path=Rig/Skeleton3D:control-foot-roll.l
  track 66 type=1 path=Rig/Skeleton3D:heelIK.l
  track 67 type=2 path=Rig/Skeleton3D:heelIK.l
  track 68 type=3 path=Rig/Skeleton3D:heelIK.l
  track 69 type=2 path=Rig/Skeleton3D:IK-foot.l
  track 70 type=3 path=Rig/Skeleton3D:IK-foot.l
  track 71 type=2 path=Rig/Skeleton3D:IK-toe.l
  track 72 type=3 path=Rig/Skeleton3D:IK-toe.l
  track 73 type=1 path=Rig/Skeleton3D:kneeIK.r
  track 74 type=2 path=Rig/Skeleton3D:kneeIK.r
  track 75 type=3 path=Rig/Skeleton3D:kneeIK.r
  track 76 type=1 path=Rig/Skeleton3D:control-toe-roll.r
  track 77 type=2 path=Rig/Skeleton3D:control-toe-roll.r
  track 78 type=3 path=Rig/Skeleton3D:control-toe-roll.r
  track 79 type=1 path=Rig/Skeleton3D:control-heel-roll.r
  track 80 type=2 path=Rig/Skeleton3D:control-heel-roll.r
  track 81 type=3 path=Rig/Skeleton3D:control-heel-roll.r
  track 82 type=1 path=Rig/Skeleton3D:control-foot-roll.r
  track 83 type=2 path=Rig/Skeleton3D:control-foot-roll.r
  track 84 type=3 path=Rig/Skeleton3D:control-foot-roll.r
  track 85 type=1 path=Rig/Skeleton3D:heelIK.r
  track 86 type=2 path=Rig/Skeleton3D:heelIK.r
  track 87 type=3 path=Rig/Skeleton3D:heelIK.r
  track 88 type=2 path=Rig/Skeleton3D:IK-foot.r
  track 89 type=3 path=Rig/Skeleton3D:IK-foot.r
  track 90 type=2 path=Rig/Skeleton3D:IK-toe.r
  track 91 type=3 path=Rig/Skeleton3D:IK-toe.r
  track 92 type=1 path=Rig/Skeleton3D:elbowIK.l
  track 93 type=2 path=Rig/Skeleton3D:elbowIK.l
  track 94 type=3 path=Rig/Skeleton3D:elbowIK.l
  track 95 type=1 path=Rig/Skeleton3D:handIK.l
  track 96 type=2 path=Rig/Skeleton3D:handIK.l
  track 97 type=3 path=Rig/Skeleton3D:handIK.l
  track 98 type=1 path=Rig/Skeleton3D:elbowIK.r
  track 99 type=2 path=Rig/Skeleton3D:elbowIK.r
  track 100 type=3 path=Rig/Skeleton3D:elbowIK.r
  track 101 type=1 path=Rig/Skeleton3D:handIK.r
  track 102 type=2 path=Rig/Skeleton3D:handIK.r
  track 103 type=3 path=Rig/Skeleton3D:handIK.r

ANIMATION: Idle
  track 0 type=1 path=Rig/Skeleton3D:root
  track 1 type=2 path=Rig/Skeleton3D:root
  track 2 type=3 path=Rig/Skeleton3D:root
  track 3 type=1 path=Rig/Skeleton3D:hips
  track 4 type=2 path=Rig/Skeleton3D:hips
  track 5 type=3 path=Rig/Skeleton3D:hips
  track 6 type=2 path=Rig/Skeleton3D:spine
  track 7 type=3 path=Rig/Skeleton3D:spine
  track 8 type=2 path=Rig/Skeleton3D:chest
  track 9 type=3 path=Rig/Skeleton3D:chest
  track 10 type=1 path=Rig/Skeleton3D:upperarm.l
  track 11 type=2 path=Rig/Skeleton3D:upperarm.l
  track 12 type=3 path=Rig/Skeleton3D:upperarm.l
  track 13 type=2 path=Rig/Skeleton3D:lowerarm.l
  track 14 type=3 path=Rig/Skeleton3D:lowerarm.l
  track 15 type=2 path=Rig/Skeleton3D:wrist.l
  track 16 type=3 path=Rig/Skeleton3D:wrist.l
  track 17 type=2 path=Rig/Skeleton3D:hand.l
  track 18 type=3 path=Rig/Skeleton3D:hand.l
  track 19 type=1 path=Rig/Skeleton3D:handslot.l
  track 20 type=2 path=Rig/Skeleton3D:handslot.l
  track 21 type=3 path=Rig/Skeleton3D:handslot.l
  track 22 type=1 path=Rig/Skeleton3D:upperarm.r
  track 23 type=2 path=Rig/Skeleton3D:upperarm.r
  track 24 type=3 path=Rig/Skeleton3D:upperarm.r
  track 25 type=2 path=Rig/Skeleton3D:lowerarm.r
  track 26 type=3 path=Rig/Skeleton3D:lowerarm.r
  track 27 type=2 path=Rig/Skeleton3D:wrist.r
  track 28 type=3 path=Rig/Skeleton3D:wrist.r
  track 29 type=2 path=Rig/Skeleton3D:hand.r
  track 30 type=3 path=Rig/Skeleton3D:hand.r
  track 31 type=1 path=Rig/Skeleton3D:handslot.r
  track 32 type=2 path=Rig/Skeleton3D:handslot.r
  track 33 type=3 path=Rig/Skeleton3D:handslot.r
  track 34 type=2 path=Rig/Skeleton3D:head
  track 35 type=3 path=Rig/Skeleton3D:head
  track 36 type=1 path=Rig/Skeleton3D:upperleg.l
  track 37 type=2 path=Rig/Skeleton3D:upperleg.l
  track 38 type=3 path=Rig/Skeleton3D:upperleg.l
  track 39 type=2 path=Rig/Skeleton3D:lowerleg.l
  track 40 type=3 path=Rig/Skeleton3D:lowerleg.l
  track 41 type=2 path=Rig/Skeleton3D:foot.l
  track 42 type=3 path=Rig/Skeleton3D:foot.l
  track 43 type=2 path=Rig/Skeleton3D:toes.l
  track 44 type=3 path=Rig/Skeleton3D:toes.l
  track 45 type=1 path=Rig/Skeleton3D:upperleg.r
  track 46 type=2 path=Rig/Skeleton3D:upperleg.r
  track 47 type=3 path=Rig/Skeleton3D:upperleg.r
  track 48 type=2 path=Rig/Skeleton3D:lowerleg.r
  track 49 type=3 path=Rig/Skeleton3D:lowerleg.r
  track 50 type=2 path=Rig/Skeleton3D:foot.r
  track 51 type=3 path=Rig/Skeleton3D:foot.r
  track 52 type=2 path=Rig/Skeleton3D:toes.r
  track 53 type=3 path=Rig/Skeleton3D:toes.r
  track 54 type=1 path=Rig/Skeleton3D:kneeIK.l
  track 55 type=2 path=Rig/Skeleton3D:kneeIK.l
  track 56 type=3 path=Rig/Skeleton3D:kneeIK.l
  track 57 type=1 path=Rig/Skeleton3D:control-toe-roll.l
  track 58 type=2 path=Rig/Skeleton3D:control-toe-roll.l
  track 59 type=3 path=Rig/Skeleton3D:control-toe-roll.l
  track 60 type=1 path=Rig/Skeleton3D:control-heel-roll.l
  track 61 type=2 path=Rig/Skeleton3D:control-heel-roll.l
  track 62 type=3 path=Rig/Skeleton3D:control-heel-roll.l
  track 63 type=1 path=Rig/Skeleton3D:control-foot-roll.l
  track 64 type=2 path=Rig/Skeleton3D:control-foot-roll.l
  track 65 type=3 path=Rig/Skeleton3D:control-foot-roll.l
  track 66 type=1 path=Rig/Skeleton3D:heelIK.l
  track 67 type=2 path=Rig/Skeleton3D:heelIK.l
  track 68 type=3 path=Rig/Skeleton3D:heelIK.l
  track 69 type=2 path=Rig/Skeleton3D:IK-foot.l
  track 70 type=3 path=Rig/Skeleton3D:IK-foot.l
  track 71 type=2 path=Rig/Skeleton3D:IK-toe.l
  track 72 type=3 path=Rig/Skeleton3D:IK-toe.l
  track 73 type=1 path=Rig/Skeleton3D:kneeIK.r
  track 74 type=2 path=Rig/Skeleton3D:kneeIK.r
  track 75 type=3 path=Rig/Skeleton3D:kneeIK.r
  track 76 type=1 path=Rig/Skeleton3D:control-toe-roll.r
  track 77 type=2 path=Rig/Skeleton3D:control-toe-roll.r
  track 78 type=3 path=Rig/Skeleton3D:control-toe-roll.r
  track 79 type=1 path=Rig/Skeleton3D:control-heel-roll.r
  track 80 type=2 path=Rig/Skeleton3D:control-heel-roll.r
  track 81 type=3 path=Rig/Skeleton3D:control-heel-roll.r
  track 82 type=1 path=Rig/Skeleton3D:control-foot-roll.r
  track 83 type=2 path=Rig/Skeleton3D:control-foot-roll.r
  track 84 type=3 path=Rig/Skeleton3D:control-foot-roll.r
  track 85 type=1 path=Rig/Skeleton3D:heelIK.r
  track 86 type=2 path=Rig/Skeleton3D:heelIK.r
  track 87 type=3 path=Rig/Skeleton3D:heelIK.r
  track 88 type=2 path=Rig/Skeleton3D:IK-foot.r
  track 89 type=3 path=Rig/Skeleton3D:IK-foot.r
  track 90 type=2 path=Rig/Skeleton3D:IK-toe.r
  track 91 type=3 path=Rig/Skeleton3D:IK-toe.r
  track 92 type=1 path=Rig/Skeleton3D:elbowIK.l
  track 93 type=2 path=Rig/Skeleton3D:elbowIK.l
  track 94 type=3 path=Rig/Skeleton3D:elbowIK.l
  track 95 type=1 path=Rig/Skeleton3D:handIK.l
  track 96 type=2 path=Rig/Skeleton3D:handIK.l
  track 97 type=3 path=Rig/Skeleton3D:handIK.l
  track 98 type=1 path=Rig/Skeleton3D:elbowIK.r
  track 99 type=2 path=Rig/Skeleton3D:elbowIK.r
  track 100 type=3 path=Rig/Skeleton3D:elbowIK.r
  track 101 type=1 path=Rig/Skeleton3D:handIK.r
  track 102 type=2 path=Rig/Skeleton3D:handIK.r
  track 103 type=3 path=Rig/Skeleton3D:handIK.r

ANIMATION: Running_A
  track 0 type=1 path=Rig/Skeleton3D:root
  track 1 type=2 path=Rig/Skeleton3D:root
  track 2 type=3 path=Rig/Skeleton3D:root
  track 3 type=1 path=Rig/Skeleton3D:hips
  track 4 type=2 path=Rig/Skeleton3D:hips
  track 5 type=3 path=Rig/Skeleton3D:hips
  track 6 type=2 path=Rig/Skeleton3D:spine
  track 7 type=3 path=Rig/Skeleton3D:spine
  track 8 type=2 path=Rig/Skeleton3D:chest
  track 9 type=3 path=Rig/Skeleton3D:chest
  track 10 type=1 path=Rig/Skeleton3D:upperarm.l
  track 11 type=2 path=Rig/Skeleton3D:upperarm.l
  track 12 type=3 path=Rig/Skeleton3D:upperarm.l
  track 13 type=2 path=Rig/Skeleton3D:lowerarm.l
  track 14 type=3 path=Rig/Skeleton3D:lowerarm.l
  track 15 type=2 path=Rig/Skeleton3D:wrist.l
  track 16 type=3 path=Rig/Skeleton3D:wrist.l
  track 17 type=2 path=Rig/Skeleton3D:hand.l
  track 18 type=3 path=Rig/Skeleton3D:hand.l
  track 19 type=1 path=Rig/Skeleton3D:handslot.l
  track 20 type=2 path=Rig/Skeleton3D:handslot.l
  track 21 type=3 path=Rig/Skeleton3D:handslot.l
  track 22 type=1 path=Rig/Skeleton3D:upperarm.r
  track 23 type=2 path=Rig/Skeleton3D:upperarm.r
  track 24 type=3 path=Rig/Skeleton3D:upperarm.r
  track 25 type=2 path=Rig/Skeleton3D:lowerarm.r
  track 26 type=3 path=Rig/Skeleton3D:lowerarm.r
  track 27 type=2 path=Rig/Skeleton3D:wrist.r
  track 28 type=3 path=Rig/Skeleton3D:wrist.r
  track 29 type=2 path=Rig/Skeleton3D:hand.r
  track 30 type=3 path=Rig/Skeleton3D:hand.r
  track 31 type=1 path=Rig/Skeleton3D:handslot.r
  track 32 type=2 path=Rig/Skeleton3D:handslot.r
  track 33 type=3 path=Rig/Skeleton3D:handslot.r
  track 34 type=2 path=Rig/Skeleton3D:head
  track 35 type=3 path=Rig/Skeleton3D:head
  track 36 type=1 path=Rig/Skeleton3D:upperleg.l
  track 37 type=2 path=Rig/Skeleton3D:upperleg.l
  track 38 type=3 path=Rig/Skeleton3D:upperleg.l
  track 39 type=2 path=Rig/Skeleton3D:lowerleg.l
  track 40 type=3 path=Rig/Skeleton3D:lowerleg.l
  track 41 type=2 path=Rig/Skeleton3D:foot.l
  track 42 type=3 path=Rig/Skeleton3D:foot.l
  track 43 type=2 path=Rig/Skeleton3D:toes.l
  track 44 type=3 path=Rig/Skeleton3D:toes.l
  track 45 type=1 path=Rig/Skeleton3D:upperleg.r
  track 46 type=2 path=Rig/Skeleton3D:upperleg.r
  track 47 type=3 path=Rig/Skeleton3D:upperleg.r
  track 48 type=2 path=Rig/Skeleton3D:lowerleg.r
  track 49 type=3 path=Rig/Skeleton3D:lowerleg.r
  track 50 type=2 path=Rig/Skeleton3D:foot.r
  track 51 type=3 path=Rig/Skeleton3D:foot.r
  track 52 type=2 path=Rig/Skeleton3D:toes.r
  track 53 type=3 path=Rig/Skeleton3D:toes.r
  track 54 type=1 path=Rig/Skeleton3D:kneeIK.l
  track 55 type=2 path=Rig/Skeleton3D:kneeIK.l
  track 56 type=3 path=Rig/Skeleton3D:kneeIK.l
  track 57 type=1 path=Rig/Skeleton3D:control-toe-roll.l
  track 58 type=2 path=Rig/Skeleton3D:control-toe-roll.l
  track 59 type=3 path=Rig/Skeleton3D:control-toe-roll.l
  track 60 type=1 path=Rig/Skeleton3D:control-heel-roll.l
  track 61 type=2 path=Rig/Skeleton3D:control-heel-roll.l
  track 62 type=3 path=Rig/Skeleton3D:control-heel-roll.l
  track 63 type=1 path=Rig/Skeleton3D:control-foot-roll.l
  track 64 type=2 path=Rig/Skeleton3D:control-foot-roll.l
  track 65 type=3 path=Rig/Skeleton3D:control-foot-roll.l
  track 66 type=1 path=Rig/Skeleton3D:heelIK.l
  track 67 type=2 path=Rig/Skeleton3D:heelIK.l
  track 68 type=3 path=Rig/Skeleton3D:heelIK.l
  track 69 type=2 path=Rig/Skeleton3D:IK-foot.l
  track 70 type=3 path=Rig/Skeleton3D:IK-foot.l
  track 71 type=2 path=Rig/Skeleton3D:IK-toe.l
  track 72 type=3 path=Rig/Skeleton3D:IK-toe.l
  track 73 type=1 path=Rig/Skeleton3D:kneeIK.r
  track 74 type=2 path=Rig/Skeleton3D:kneeIK.r
  track 75 type=3 path=Rig/Skeleton3D:kneeIK.r
  track 76 type=1 path=Rig/Skeleton3D:control-toe-roll.r
  track 77 type=2 path=Rig/Skeleton3D:control-toe-roll.r
  track 78 type=3 path=Rig/Skeleton3D:control-toe-roll.r
  track 79 type=1 path=Rig/Skeleton3D:control-heel-roll.r
  track 80 type=2 path=Rig/Skeleton3D:control-heel-roll.r
  track 81 type=3 path=Rig/Skeleton3D:control-heel-roll.r
  track 82 type=1 path=Rig/Skeleton3D:control-foot-roll.r
  track 83 type=2 path=Rig/Skeleton3D:control-foot-roll.r
  track 84 type=3 path=Rig/Skeleton3D:control-foot-roll.r
  track 85 type=1 path=Rig/Skeleton3D:heelIK.r
  track 86 type=2 path=Rig/Skeleton3D:heelIK.r
  track 87 type=3 path=Rig/Skeleton3D:heelIK.r
  track 88 type=2 path=Rig/Skeleton3D:IK-foot.r
  track 89 type=3 path=Rig/Skeleton3D:IK-foot.r
  track 90 type=2 path=Rig/Skeleton3D:IK-toe.r
  track 91 type=3 path=Rig/Skeleton3D:IK-toe.r
  track 92 type=1 path=Rig/Skeleton3D:elbowIK.l
  track 93 type=2 path=Rig/Skeleton3D:elbowIK.l
  track 94 type=3 path=Rig/Skeleton3D:elbowIK.l
  track 95 type=1 path=Rig/Skeleton3D:handIK.l
  track 96 type=2 path=Rig/Skeleton3D:handIK.l
  track 97 type=3 path=Rig/Skeleton3D:handIK.l
  track 98 type=1 path=Rig/Skeleton3D:elbowIK.r
  track 99 type=2 path=Rig/Skeleton3D:elbowIK.r
  track 100 type=3 path=Rig/Skeleton3D:elbowIK.r
  track 101 type=1 path=Rig/Skeleton3D:handIK.r
  track 102 type=2 path=Rig/Skeleton3D:handIK.r
  track 103 type=3 path=Rig/Skeleton3D:handIK.r

ANIMATION: Walking_B
  track 0 type=1 path=Rig/Skeleton3D:root
  track 1 type=2 path=Rig/Skeleton3D:root
  track 2 type=3 path=Rig/Skeleton3D:root
  track 3 type=1 path=Rig/Skeleton3D:hips
  track 4 type=2 path=Rig/Skeleton3D:hips
  track 5 type=3 path=Rig/Skeleton3D:hips
  track 6 type=2 path=Rig/Skeleton3D:spine
  track 7 type=3 path=Rig/Skeleton3D:spine
  track 8 type=2 path=Rig/Skeleton3D:chest
  track 9 type=3 path=Rig/Skeleton3D:chest
  track 10 type=1 path=Rig/Skeleton3D:upperarm.l
  track 11 type=2 path=Rig/Skeleton3D:upperarm.l
  track 12 type=3 path=Rig/Skeleton3D:upperarm.l
  track 13 type=2 path=Rig/Skeleton3D:lowerarm.l
  track 14 type=3 path=Rig/Skeleton3D:lowerarm.l
  track 15 type=2 path=Rig/Skeleton3D:wrist.l
  track 16 type=3 path=Rig/Skeleton3D:wrist.l
  track 17 type=2 path=Rig/Skeleton3D:hand.l
  track 18 type=3 path=Rig/Skeleton3D:hand.l
  track 19 type=1 path=Rig/Skeleton3D:handslot.l
  track 20 type=2 path=Rig/Skeleton3D:handslot.l
  track 21 type=3 path=Rig/Skeleton3D:handslot.l
  track 22 type=1 path=Rig/Skeleton3D:upperarm.r
  track 23 type=2 path=Rig/Skeleton3D:upperarm.r
  track 24 type=3 path=Rig/Skeleton3D:upperarm.r
  track 25 type=2 path=Rig/Skeleton3D:lowerarm.r
  track 26 type=3 path=Rig/Skeleton3D:lowerarm.r
  track 27 type=2 path=Rig/Skeleton3D:wrist.r
  track 28 type=3 path=Rig/Skeleton3D:wrist.r
  track 29 type=2 path=Rig/Skeleton3D:hand.r
  track 30 type=3 path=Rig/Skeleton3D:hand.r
  track 31 type=1 path=Rig/Skeleton3D:handslot.r
  track 32 type=2 path=Rig/Skeleton3D:handslot.r
  track 33 type=3 path=Rig/Skeleton3D:handslot.r
  track 34 type=2 path=Rig/Skeleton3D:head
  track 35 type=3 path=Rig/Skeleton3D:head
  track 36 type=1 path=Rig/Skeleton3D:upperleg.l
  track 37 type=2 path=Rig/Skeleton3D:upperleg.l
  track 38 type=3 path=Rig/Skeleton3D:upperleg.l
  track 39 type=2 path=Rig/Skeleton3D:lowerleg.l
  track 40 type=3 path=Rig/Skeleton3D:lowerleg.l
  track 41 type=2 path=Rig/Skeleton3D:foot.l
  track 42 type=3 path=Rig/Skeleton3D:foot.l
  track 43 type=2 path=Rig/Skeleton3D:toes.l
  track 44 type=3 path=Rig/Skeleton3D:toes.l
  track 45 type=1 path=Rig/Skeleton3D:upperleg.r
  track 46 type=2 path=Rig/Skeleton3D:upperleg.r
  track 47 type=3 path=Rig/Skeleton3D:upperleg.r
  track 48 type=2 path=Rig/Skeleton3D:lowerleg.r
  track 49 type=3 path=Rig/Skeleton3D:lowerleg.r
  track 50 type=2 path=Rig/Skeleton3D:foot.r
  track 51 type=3 path=Rig/Skeleton3D:foot.r
  track 52 type=2 path=Rig/Skeleton3D:toes.r
  track 53 type=3 path=Rig/Skeleton3D:toes.r
  track 54 type=1 path=Rig/Skeleton3D:kneeIK.l
  track 55 type=2 path=Rig/Skeleton3D:kneeIK.l
  track 56 type=3 path=Rig/Skeleton3D:kneeIK.l
  track 57 type=1 path=Rig/Skeleton3D:control-toe-roll.l
  track 58 type=2 path=Rig/Skeleton3D:control-toe-roll.l
  track 59 type=3 path=Rig/Skeleton3D:control-toe-roll.l
  track 60 type=1 path=Rig/Skeleton3D:control-heel-roll.l
  track 61 type=2 path=Rig/Skeleton3D:control-heel-roll.l
  track 62 type=3 path=Rig/Skeleton3D:control-heel-roll.l
  track 63 type=1 path=Rig/Skeleton3D:control-foot-roll.l
  track 64 type=2 path=Rig/Skeleton3D:control-foot-roll.l
  track 65 type=3 path=Rig/Skeleton3D:control-foot-roll.l
  track 66 type=1 path=Rig/Skeleton3D:heelIK.l
  track 67 type=2 path=Rig/Skeleton3D:heelIK.l
  track 68 type=3 path=Rig/Skeleton3D:heelIK.l
  track 69 type=2 path=Rig/Skeleton3D:IK-foot.l
  track 70 type=3 path=Rig/Skeleton3D:IK-foot.l
  track 71 type=2 path=Rig/Skeleton3D:IK-toe.l
  track 72 type=3 path=Rig/Skeleton3D:IK-toe.l
  track 73 type=1 path=Rig/Skeleton3D:kneeIK.r
  track 74 type=2 path=Rig/Skeleton3D:kneeIK.r
  track 75 type=3 path=Rig/Skeleton3D:kneeIK.r
  track 76 type=1 path=Rig/Skeleton3D:control-toe-roll.r
  track 77 type=2 path=Rig/Skeleton3D:control-toe-roll.r
  track 78 type=3 path=Rig/Skeleton3D:control-toe-roll.r
  track 79 type=1 path=Rig/Skeleton3D:control-heel-roll.r
  track 80 type=2 path=Rig/Skeleton3D:control-heel-roll.r
  track 81 type=3 path=Rig/Skeleton3D:control-heel-roll.r
  track 82 type=1 path=Rig/Skeleton3D:control-foot-roll.r
  track 83 type=2 path=Rig/Skeleton3D:control-foot-roll.r
  track 84 type=3 path=Rig/Skeleton3D:control-foot-roll.r
  track 85 type=1 path=Rig/Skeleton3D:heelIK.r
  track 86 type=2 path=Rig/Skeleton3D:heelIK.r
  track 87 type=3 path=Rig/Skeleton3D:heelIK.r
  track 88 type=2 path=Rig/Skeleton3D:IK-foot.r
  track 89 type=3 path=Rig/Skeleton3D:IK-foot.r
  track 90 type=2 path=Rig/Skeleton3D:IK-toe.r
  track 91 type=3 path=Rig/Skeleton3D:IK-toe.r
  track 92 type=1 path=Rig/Skeleton3D:elbowIK.l
  track 93 type=2 path=Rig/Skeleton3D:elbowIK.l
  track 94 type=3 path=Rig/Skeleton3D:elbowIK.l
  track 95 type=1 path=Rig/Skeleton3D:handIK.l
  track 96 type=2 path=Rig/Skeleton3D:handIK.l
  track 97 type=3 path=Rig/Skeleton3D:handIK.l
  track 98 type=1 path=Rig/Skeleton3D:elbowIK.r
  track 99 type=2 path=Rig/Skeleton3D:elbowIK.r
  track 100 type=3 path=Rig/Skeleton3D:elbowIK.r
  track 101 type=1 path=Rig/Skeleton3D:handIK.r
  track 102 type=2 path=Rig/Skeleton3D:handIK.r
  track 103 type=3 path=Rig/Skeleton3D:handIK.r
